// Jest Snapshot v1, https://goo.gl/fbAQLP

exports[`Should MovieCard render correctly 1`] = `
<article
  className="small-movie-card catalog__movies-card"
  onMouseEnter={[Function]}
  onMouseLeave={[Function]}
>
  <a
    className="small-movie-card__link"
    href="/films/Hotel-2000"
    onClick={[Function]}
  >
    <div
      className="small-movie-card__image"
    />
    <h3
      className="small-movie-card__title"
    >
      The Grand Budapest Hotel
    </h3>
  </a>
</article>
`;
